[ 2026-01-14 14:24:32,723 ] 97 werkzeug - INFO - [31m[1mWARNING: This is a development server. Do not use it in a production deployment. Use a production WSGI server instead.[0m
 * Running on all addresses (0.0.0.0)
 * Running on http://127.0.0.1:5000
 * Running on http://10.222.35.190:5000
[ 2026-01-14 14:24:32,723 ] 97 werkzeug - INFO - [33mPress CTRL+C to quit[0m
[ 2026-01-14 14:25:38,244 ] 97 werkzeug - INFO - 10.222.35.190 - - [14/Jan/2026 14:25:38] "GET / HTTP/1.1" 200 -
[ 2026-01-14 14:25:53,452 ] 97 werkzeug - INFO - 127.0.0.1 - - [14/Jan/2026 14:25:53] "GET / HTTP/1.1" 200 -
[ 2026-01-14 14:25:53,887 ] 97 werkzeug - INFO - 127.0.0.1 - - [14/Jan/2026 14:25:53] "[33mGET /favicon.ico HTTP/1.1[0m" 404 -
[ 2026-01-14 14:25:54,526 ] 97 werkzeug - INFO - 10.222.35.190 - - [14/Jan/2026 14:25:54] "[31m[1mGET / HTTP/1.1[0m" 400 -
[ 2026-01-14 14:25:54,530 ] 97 werkzeug - INFO - 10.222.35.190 - - [14/Jan/2026 14:25:54] "[33mGET /loginMsg.js HTTP/1.1[0m" 404 -
[ 2026-01-14 14:25:54,533 ] 97 werkzeug - INFO - 10.222.35.190 - - [14/Jan/2026 14:25:54] "[33mGET /cgi/get.cgi?cmd=home_login HTTP/1.1[0m" 404 -
[ 2026-01-14 14:26:27,847 ] 97 werkzeug - INFO - 127.0.0.1 - - [14/Jan/2026 14:26:27] "GET /predictdata HTTP/1.1" 200 -
[ 2026-01-14 14:27:04,102 ] 875 app - ERROR - Exception on /predictdata [POST]
Traceback (most recent call last):
  File "C:\Projectss\mlproject\src\pipeline\predict_pipeline.py", line 13, in predict
    model_path=os.path.join("artifacts","model.pkl")
NameError: name 'os' is not defined

During handling of the above exception, another exception occurred:

Traceback (most recent call last):
  File "C:\Projectss\mlproject\venv\lib\site-packages\flask\app.py", line 1511, in wsgi_app
    response = self.full_dispatch_request()
  File "C:\Projectss\mlproject\venv\lib\site-packages\flask\app.py", line 919, in full_dispatch_request
    rv = self.handle_user_exception(e)
  File "C:\Projectss\mlproject\venv\lib\site-packages\flask\app.py", line 917, in full_dispatch_request
    rv = self.dispatch_request()
  File "C:\Projectss\mlproject\venv\lib\site-packages\flask\app.py", line 902, in dispatch_request
    return self.ensure_sync(self.view_functions[rule.endpoint])(**view_args)  # type: ignore[no-any-return]
  File "C:\Projectss\mlproject\app.py", line 39, in predict_datapoint
    results=predict_pipeline.predict(pred_df)
  File "C:\Projectss\mlproject\src\pipeline\predict_pipeline.py", line 24, in predict
    raise CustomException(e,sys)
src.exception.CustomException: Error occured in python script name[C:\Projectss\mlproject\src\pipeline\predict_pipeline.py]line number[13]error message[name 'os' is not defined]
[ 2026-01-14 14:27:04,106 ] 97 werkzeug - INFO - 127.0.0.1 - - [14/Jan/2026 14:27:04] "[35m[1mPOST /predictdata HTTP/1.1[0m" 500 -
[ 2026-01-14 14:27:24,788 ] 875 app - ERROR - Exception on /predictdata [POST]
Traceback (most recent call last):
  File "C:\Projectss\mlproject\src\pipeline\predict_pipeline.py", line 13, in predict
    model_path=os.path.join("artifacts","model.pkl")
NameError: name 'os' is not defined

During handling of the above exception, another exception occurred:

Traceback (most recent call last):
  File "C:\Projectss\mlproject\venv\lib\site-packages\flask\app.py", line 1511, in wsgi_app
    response = self.full_dispatch_request()
  File "C:\Projectss\mlproject\venv\lib\site-packages\flask\app.py", line 919, in full_dispatch_request
    rv = self.handle_user_exception(e)
  File "C:\Projectss\mlproject\venv\lib\site-packages\flask\app.py", line 917, in full_dispatch_request
    rv = self.dispatch_request()
  File "C:\Projectss\mlproject\venv\lib\site-packages\flask\app.py", line 902, in dispatch_request
    return self.ensure_sync(self.view_functions[rule.endpoint])(**view_args)  # type: ignore[no-any-return]
  File "C:\Projectss\mlproject\app.py", line 39, in predict_datapoint
    results=predict_pipeline.predict(pred_df)
  File "C:\Projectss\mlproject\src\pipeline\predict_pipeline.py", line 24, in predict
    raise CustomException(e,sys)
src.exception.CustomException: Error occured in python script name[C:\Projectss\mlproject\src\pipeline\predict_pipeline.py]line number[13]error message[name 'os' is not defined]
[ 2026-01-14 14:27:24,789 ] 97 werkzeug - INFO - 127.0.0.1 - - [14/Jan/2026 14:27:24] "[35m[1mPOST /predictdata HTTP/1.1[0m" 500 -
